# Findings natsvet reports on the corpus in corpus.txt, triaged by hand.
# One per line, exactly as the tool prints it after the clone prefix is
# replaced by the repository name, followed by a tag:
#   <repo>/<file>:<line>:<col>: <message>  # TP: <what is wrong there>
#   <repo>/<file>:<line>:<col>: <message>  # FP: <why the rule is wrong here>
# TP lines are candidates for upstream fixes; FP lines are accepted noise.
# A line the tool reports that is not here fails the corpus run, as does a
# line here that the tool no longer reports.

nats.go/test/js_test.go:345:15: header key "nats-expected-last-sequence" does not match "Nats-Expected-Last-Sequence"; nats.go header lookups are case-sensitive  # FP: the test miscases the header on purpose to prove the server ignores it
nats.go/test/js_test.go:2156:30: stream config: stream name is required and can not contain '.', '*', '>', '\', '/' or whitespace  # FP: test asserts the client returns ErrStreamNameRequired / ErrInvalidStreamName
nats.go/test/js_test.go:2159:30: stream config: stream name is required and can not contain '.', '*', '>', '\', '/' or whitespace  # FP: test asserts the client returns ErrStreamNameRequired / ErrInvalidStreamName
nats.go/test/js_test.go:2162:30: stream config: stream name is required and can not contain '.', '*', '>', '\', '/' or whitespace  # FP: test asserts the client returns ErrStreamNameRequired / ErrInvalidStreamName
nats.go/test/js_test.go:2180:33: stream config: stream name is required and can not contain '.', '*', '>', '\', '/' or whitespace  # FP: test asserts the client returns ErrStreamNameRequired / ErrInvalidStreamName
nats.go/test/js_test.go:2183:33: stream config: stream name is required and can not contain '.', '*', '>', '\', '/' or whitespace  # FP: test asserts the client returns ErrStreamNameRequired / ErrInvalidStreamName
nats.go/test/js_test.go:2395:37: consumer config: consumer cannot have both FilterSubject and FilterSubjects specified  # FP: test asserts the server rejects both filter fields
nats.go/test/js_test.go:2403:36: consumer config: consumer subject filters cannot overlap  # FP: test asserts ErrOverlappingFilterSubjects
nats.go/test/js_test.go:2410:36: consumer config: consumer filter in FilterSubjects cannot be empty  # FP: test asserts ErrEmptyFilter
nats.go/test/js_test.go:2420:39: consumer config: invalid filter subject ".foo"  # FP: test asserts ErrInvalidFilterSubject
nats.go/test/js_test.go:2423:39: consumer config: invalid filter subject "foo."  # FP: test asserts ErrInvalidFilterSubject
nats.go/test/js_test.go:2429:39: consumer config: consumer durable name can not contain '.', '*', '>', '\', '/' or whitespace  # FP: test asserts ErrInvalidConsumerName
nats.go/test/js_test.go:2432:39: consumer config: consumer durable name can not contain '.', '*', '>', '\', '/' or whitespace  # FP: test asserts ErrInvalidConsumerName
nats.go/test/js_test.go:2465:36: consumer config: consumer durable name can not contain '.', '*', '>', '\', '/' or whitespace  # FP: test asserts ErrInvalidConsumerName
nats.go/test/kv_test.go:422:22: invalid KV key filter "": filters may only contain [-/_=.a-zA-Z0-9*] and a trailing >  # FP: test asserts ErrInvalidKey for watch filters
nats.go/test/kv_test.go:426:22: invalid KV key filter "a.>.b": filters may only contain [-/_=.a-zA-Z0-9*] and a trailing >  # FP: test asserts ErrInvalidKey for watch filters
nats.go/test/kv_test.go:429:22: invalid KV key filter "foo.": filters may only contain [-/_=.a-zA-Z0-9*] and a trailing >  # FP: test asserts ErrInvalidKey for watch filters
nats.go/test/kv_test.go:432:22: invalid KV key filter "foo..bar": filters may only contain [-/_=.a-zA-Z0-9*] and a trailing >  # FP: test asserts ErrInvalidKey for watch filters
nats.go/test/object_test.go:41:34: invalid bucket name "notok!": bucket names may only contain [a-zA-Z0-9_-]  # FP: test asserts ErrInvalidStoreName
nats.go/test/basic_test.go:788:24: subject "" is invalid: empty subject  # FP: TestBadSubject asserts ErrBadSubject
nats.go/test/basic_test.go:791:24: subject "foo bar" is invalid: contains whitespace  # FP: TestBadSubject asserts ErrBadSubject
nats.go/test/basic_test.go:794:43: subject "bar baz" is invalid: contains whitespace  # FP: TestBadSubject asserts ErrBadSubject
nats.go/test/conn_test.go:624:27: duration 10 for NextMsg is 10ns; multiply by a time unit such as time.Second or time.Millisecond  # FP: NextMsg on a closed connection; the timeout is irrelevant and the test asserts ErrConnectionClosed
nats.go/test/context_test.go:106:39: RequestMsgWithContext with a context that has no deadline blocks forever if a responder exists but never replies; use context.WithTimeout  # FP: test subscribes its own responder first; the request cannot hang
nats.go/test/context_test.go:632:12: NextMsg on a subscription created with Subscribe (callback) always returns ErrSyncSubRequired; use SubscribeSync  # FP: test asserts NextMsgWithContext fails on a callback subscription
nats.go/test/context_test.go:736:12: NextMsg on a subscription created with Subscribe (callback) always returns ErrSyncSubRequired; use SubscribeSync  # FP: test asserts the nil-context error on a callback subscription
nats.go/test/js_test.go:1651:32: FetchBatch with nats.Context(context.Background()) returns ErrNoDeadlineContext; use nats.MaxWait or a context with a deadline  # FP: test asserts ErrNoDeadlineContext
nats.go/test/js_test.go:9871:32: Fetch with nats.Context(context.Background()) returns ErrNoDeadlineContext; use nats.MaxWait or a context with a deadline  # FP: test asserts ErrNoDeadlineContext
nats.go/test/sub_test.go:720:12: NextMsg on a subscription created with Subscribe (callback) always returns ErrSyncSubRequired; use SubscribeSync  # FP: test asserts ErrSyncSubRequired
natscli/internal/util/header_test.go:46:21: subject "" is invalid: empty subject  # FP: NewMsg builds a header container that is never published
nats-server/server/jetstream_cluster_2_test.go:2961:39: consumer config: consumer with flow control also needs heartbeats  # FP: TestJetStreamClusterFlowControlRequiresHeartbeats: test asserts the server rejects flow control without heartbeats
nats-server/server/jetstream_cluster_2_test.go:6397:26: stream config: stream name is required and can not contain '.', '*', '>', '\', '/' or whitespace  # FP: TestJetStreamClusterConsumerAndStreamNamesWithPathSeparators: test asserts names with path separators are rejected
nats-server/server/jetstream_cluster_2_test.go:6399:25: stream config: stream name is required and can not contain '.', '*', '>', '\', '/' or whitespace  # FP: TestJetStreamClusterConsumerAndStreamNamesWithPathSeparators: test asserts names with path separators are rejected
nats-server/server/jetstream_cluster_2_test.go:6406:32: consumer config: consumer durable name can not contain '.', '*', '>', '\', '/' or whitespace  # FP: TestJetStreamClusterConsumerAndStreamNamesWithPathSeparators: test asserts names with path separators are rejected
nats-server/server/jetstream_cluster_2_test.go:6409:32: consumer config: consumer durable name can not contain '.', '*', '>', '\', '/' or whitespace  # FP: TestJetStreamClusterConsumerAndStreamNamesWithPathSeparators: test asserts names with path separators are rejected
nats-server/server/jetstream_cluster_3_test.go:442:27: stream config: replicas count cannot be negative  # FP: TestJetStreamClusterNegativeReplicas: test asserts negative replicas are rejected
nats-server/server/jetstream_cluster_3_test.go:455:29: stream config: replicas count cannot be negative  # FP: TestJetStreamClusterNegativeReplicas: test asserts negative replicas are rejected
nats-server/server/jetstream_cluster_3_test.go:463:34: consumer config: replicas count cannot be negative  # FP: TestJetStreamClusterNegativeReplicas: test asserts negative replicas are rejected
nats-server/server/jetstream_cluster_3_test.go:476:37: consumer config: replicas count cannot be negative  # FP: TestJetStreamClusterNegativeReplicas: test asserts negative replicas are rejected
nats-server/server/jetstream_consumer_test.go:1020:12: consumer config: max deliver is required to be > length of backoff values  # FP: TestJetStreamConsumerBackOff: table case backoff_with_max_deliver_smaller with shouldErr: true
nats-server/server/jetstream_consumer_test.go:11590:35: consumer config: consumer subject filters cannot overlap  # FP: TestJetStreamConsumerAllowOverlappingSubjectsIfNotSubset: test asserts the subset filter pair is rejected before the allowed non-subset pair
nats-server/server/jetstream_consumer_test.go:5872:35: consumer config: consumer in push mode can not set max waiting  # FP: TestJetStreamConsumerBadCreateErr asserts the rejection
nats-server/server/jetstream_consumer_test.go:6733:26: stream config: stream name is required and can not contain '.', '*', '>', '\', '/' or whitespace  # FP: TestJetStreamConsumerAndStreamNamesWithPathSeparators: test asserts names with path separators are rejected
nats-server/server/jetstream_consumer_test.go:6735:25: stream config: stream name is required and can not contain '.', '*', '>', '\', '/' or whitespace  # FP: TestJetStreamConsumerAndStreamNamesWithPathSeparators: test asserts names with path separators are rejected
nats-server/server/jetstream_consumer_test.go:6742:32: consumer config: consumer durable name can not contain '.', '*', '>', '\', '/' or whitespace  # FP: TestJetStreamConsumerAndStreamNamesWithPathSeparators: test asserts names with path separators are rejected
nats-server/server/jetstream_consumer_test.go:6745:32: consumer config: consumer durable name can not contain '.', '*', '>', '\', '/' or whitespace  # FP: TestJetStreamConsumerAndStreamNamesWithPathSeparators: test asserts names with path separators are rejected
nats-server/server/jetstream_test.go:11163:26: stream config: duplicates window can not be negative  # FP: TestJetStreamNegativeDupeWindow: the negative window should fail
nats-server/server/jetstream_test.go:11509:35: consumer config: invalid push consumer deliver subject  # FP: TestJetStreamInvalidDeliverSubject: test asserts the invalid deliver subject is rejected
nats-server/server/jetstream_test.go:14982:26: stream config: subject "foo.*" overlaps with "foo.A"  # FP: TestJetStreamStreamSubjectsOverlap: test asserts overlapping stream subjects are rejected
nats-server/server/jetstream_test.go:14995:28: stream config: subject "foo.*" overlaps with "foo.A"  # FP: TestJetStreamStreamSubjectsOverlap: test asserts overlapping stream subjects are rejected
nats-server/server/jetstream_test.go:15002:28: stream config: subject "foo.bar.*" overlaps with "foo.*.bar"  # FP: TestJetStreamStreamSubjectsOverlap: test asserts overlapping stream subjects are rejected
nats-server/server/jetstream_test.go:17929:26: stream config: subjects that overlap with jetstream api require no-ack to be true  # FP: TestJetStreamAuditStreams: test asserts API/system-subject streams need no-ack or R1
nats-server/server/jetstream_test.go:17935:25: stream config: subjects that overlap with jetstream api require no-ack to be true  # FP: TestJetStreamAuditStreams: test asserts API/system-subject streams need no-ack or R1
nats-server/server/jetstream_test.go:17941:25: stream config: subjects that overlap with jetstream api require no-ack to be true  # FP: TestJetStreamAuditStreams: test asserts API/system-subject streams need no-ack or R1
nats-server/server/jetstream_test.go:17947:25: stream config: subjects that overlap with system api require no-ack to be true  # FP: TestJetStreamAuditStreams: test asserts API/system-subject streams need no-ack or R1
nats-server/server/jetstream_test.go:17953:25: stream config: capturing all subjects requires no-ack to be true  # FP: TestJetStreamAuditStreams: test asserts API/system-subject streams need no-ack or R1
nats-server/server/jetstream_test.go:18015:25: stream config: capturing all subjects requires no-ack to be true  # FP: TestJetStreamAuditStreams: test asserts API/system-subject streams need no-ack or R1
nats-server/server/jetstream_test.go:18021:25: stream config: capturing all subjects requires replicas of 1  # FP: TestJetStreamAuditStreams: test asserts API/system-subject streams need no-ack or R1
nats-server/server/jetstream_test.go:6014:39: consumer config: consumer with flow control also needs heartbeats  # FP: TestJetStreamFlowControlRequiresHeartbeats: test asserts the server rejects flow control without heartbeats
nats-server/server/jetstream_test.go:9776:28: stream config: stream mirrors can not contain subjects  # FP: TestJetStreamMirrorUpdatePreventsSubjects asserts the rejection
nats-server/server/jwt_test.go:2270:24: publish subject ">" contains a wildcard; wildcards only match in subscriptions  # FP: TestJWTAccountURLResolverFetchFailureInCluster: publishes to the literal subject ">" on purpose; the subscriber's ">" wildcard receives it
